EN contador9999 NULL "C:/Documents and Settings/alumno/Escritorio/SisDigit/Tp2/Tp2.vhd" sub00/vhpl12 1382043964
EN contbinnbits NULL "C:/Documents and Settings/alumno/Escritorio/SisDigit/Tp2/ContBinNBits.vhd" sub00/vhpl08 1382043952
AR aplicvga behavioral "C:/Documents and Settings/alumno/Escritorio/SisDigit/Tp2/aplicVGA.vhd" sub00/vhpl03 1382043971
EN vga_ctrl NULL "C:/Documents and Settings/alumno/Escritorio/SisDigit/Tp2/VGActrl.vhd" sub00/vhpl00 1382043954
EN tp2 NULL "C:/Documents and Settings/alumno/Escritorio/SisDigit/Tp2/Tp2.vhd" sub00/vhpl14 1382043966
EN genenable NULL "C:/Documents and Settings/alumno/Escritorio/SisDigit/Tp2/genEnableNCiclos.vhd" sub00/vhpl06 1382043950
AR registro pp "C:/Documents and Settings/alumno/Escritorio/SisDigit/Tp2/registroNbits.vhd" sub00/vhpl23 1382043949
EN contbcd NULL "C:/Documents and Settings/alumno/Escritorio/SisDigit/Tp2/Tp2.vhd" sub00/vhpl10 1382043962
AR cont2b cont2b_arq "C:/Documents and Settings/alumno/Escritorio/SisDigit/Tp2/Tp2.vhd" sub00/vhpl19 1382043959
AR cont4b cont4b_arq "C:/Documents and Settings/alumno/Escritorio/SisDigit/Tp2/Tp2.vhd" sub00/vhpl21 1382043961
EN ffd NULL "C:/Documents and Settings/alumno/Escritorio/SisDigit/Tp2/Tp2.vhd" sub00/vhpl16 1382043956
AR contbinnbits arq_contbinnbits "C:/Documents and Settings/alumno/Escritorio/SisDigit/Tp2/ContBinNBits.vhd" sub00/vhpl09 1382043953
EN cont2b NULL "C:/Documents and Settings/alumno/Escritorio/SisDigit/Tp2/Tp2.vhd" sub00/vhpl18 1382043958
AR vga_ctrl behavioral "C:/Documents and Settings/alumno/Escritorio/SisDigit/Tp2/VGActrl.vhd" sub00/vhpl01 1382043955
AR genenable arq_genenable "C:/Documents and Settings/alumno/Escritorio/SisDigit/Tp2/genEnableNCiclos.vhd" sub00/vhpl07 1382043951
EN aplicvga NULL "C:/Documents and Settings/alumno/Escritorio/SisDigit/Tp2/aplicVGA.vhd" sub00/vhpl02 1382043970
EN cont4b NULL "C:/Documents and Settings/alumno/Escritorio/SisDigit/Tp2/Tp2.vhd" sub00/vhpl20 1382043960
AR tp2 tp2_arq "C:/Documents and Settings/alumno/Escritorio/SisDigit/Tp2/Tp2.vhd" sub00/vhpl15 1382043967
EN char_rom NULL "C:/Documents and Settings/alumno/Escritorio/SisDigit/Tp2/Char_ROM.vhd" sub00/vhpl04 1382043968
AR char_rom p "C:/Documents and Settings/alumno/Escritorio/SisDigit/Tp2/Char_ROM.vhd" sub00/vhpl05 1382043969
AR contbcd contbcd_arq "C:/Documents and Settings/alumno/Escritorio/SisDigit/Tp2/Tp2.vhd" sub00/vhpl11 1382043963
AR contador9999 contador9999_arq "C:/Documents and Settings/alumno/Escritorio/SisDigit/Tp2/Tp2.vhd" sub00/vhpl13 1382043965
AR ffd ffd_arq "C:/Documents and Settings/alumno/Escritorio/SisDigit/Tp2/Tp2.vhd" sub00/vhpl17 1382043957
EN registro NULL "C:/Documents and Settings/alumno/Escritorio/SisDigit/Tp2/registroNbits.vhd" sub00/vhpl22 1382043948
